---
source: compiler/flux-parser/src/grammar/decl.rs
expression: parse.to_string()
---
TypeDecl@0..53
  TypeKw@0..4 "type"
  Whitespace@4..5 " "
  Ident@5..8 "Foo"
  Whitespace@8..9 " "
  StructType@9..53
    StructKw@9..15 "struct"
    Whitespace@15..16 " "
    RBrace@16..17 "{"
    Whitespace@17..20 "\n\t\t"
    StructTypeField@20..24
      Ident@20..21 "x"
      Whitespace@21..22 " "
      PrimitiveType@22..24
        INKw@22..24 "i7"
    Comma@24..25 ","
    Whitespace@25..28 "\n\t\t"
    StructTypeField@28..32
      Ident@28..29 "y"
      Whitespace@29..30 " "
      PrimitiveType@30..32
        UNKw@30..32 "u1"
    Comma@32..33 ","
    Whitespace@33..36 "\n\t\t"
    StructTypeField@36..41
      Ident@36..37 "z"
      Whitespace@37..38 " "
      PrimitiveType@38..41
        F64Kw@38..41 "f64"
    Comma@41..42 ","
    Whitespace@42..45 "\n\t\t"
    StructTypeField@45..52
      Ident@45..46 "a"
      Whitespace@46..47 " "
      IdentType@47..52
        Ident@47..50 "Bar"
        Whitespace@50..52 "\n\t"
    RBrace@52..53 "}"
