---
source: compiler/flux_parser/src/grammar.rs
expression: s
---
Root@0..10
  FnDecl@0..10
    Visibility@0..0
    Fn@0..2 "fn"
    Whitespace@2..3 " "
    Name@3..3
      Poisoned@3..3
    ParamList@3..6
      LParen@3..4 "("
      RParen@4..5 ")"
      Whitespace@5..6 " "
    FnReturnType@6..6
    BlockExpr@6..10
      LBrace@6..7 "{"
      TerminatorExprStmt@7..9
        BlockExpr@7..9
          LBrace@7..8 "{"
          RBrace@8..9 "}"
      RBrace@9..10 "}"


Errors:
[E0002] Error: expected syntax not found
   ,-[test.flx:1:4]
   |
 1 | fn(){}
   |    |  
   |    `-- expected name in function declaration
---'

