---
source: pi-parser/tests/expr.rs
expression: "&expr"
---
node:
  IntLit:
    negative:
      node: true
      span:
        range:
          start: 0
          end: 1
        file_id: 0
    signed: true
    bits: 32
    val:
      node: 11259375
      span:
        range:
          start: 1
          end: 9
        file_id: 0
span:
  range:
    start: 0
    end: 9
  file_id: 0

