---
source: pi-parser/src/grammar/decl.rs
expression: "&parse.debug_tree()"
---
Root@0..41
  FnDecl@0..41
    FnKw@0..2 "fn"
    Whitespace@2..3 " "
    IdentExpr@3..7 "main"
    FnParams@7..32
      LParen@7..8 "("
      FnParam@8..16
        PrimitiveType@8..12
          INKw@8..11 "i32"
          Whitespace@11..12 " "
        IdentExpr@12..16 "argc"
      Comma@16..17 ","
      Whitespace@17..18 " "
      FnParam@18..30
        MutKw@18..21 "mut"
        Whitespace@21..22 " "
        PrimitiveType@22..26
          INKw@22..25 "i32"
          Whitespace@25..26 " "
        IdentExpr@26..30 "test"
      RParen@30..31 ")"
      Whitespace@31..32 " "
    Arrow@32..34 "->"
    Whitespace@34..35 " "
    PrimitiveType@35..39
      INKw@35..38 "i32"
      Whitespace@38..39 " "
    BlockStmt@39..41
      RBrace@39..40 "{"
      RBrace@40..41 "}"
