---
source: compiler/flux_hir/src/tests/generics.rs
expression: s
---
//  main.flx

fn foo<T>() -> () where T is Foo {
    
}

Diagnostics

[E0011] Error: unresolved trait
   ,-[ main.flx:3:22]
   |
 3 | fn foo<T>() where T is Foo {}
   |                      ^|^  
   |                       `--- unresolved trait `Foo`
---'
[E0021] Error: unused generic parameters
   ,-[ main.flx:3:5]
   |
 3 | fn foo<T>() where T is Foo {}
   |     ^|^  
   |      `--- unused generic parameters `T`
---'

