---
source: compiler/flux_hir/src/tests/resolution.rs
expression: s
---
//  ./main.flx

mod foo;
fn main() -> () {
    let x foo::Foo = struct foo::Foo {      };
}
//  ./foo.flx

struct Foo  {
}


Diagnostics

[E0013] Error: cannot access private path segment
   ,-[ ./main.flx:6:6]
   |
 6 |     let x foo::Foo = foo::Foo {};
   |      ^^^^|^|^^  
   |          `------ cannot access private path segment in path `foo::Foo`
   |            |    
   |            `---- private segment `Foo`
---'
[E0013] Error: cannot access private path segment
   ,-[ ./main.flx:6:17]
   |
 6 |     let x foo::Foo = foo::Foo {};
   |                 ^^^^|^|^  
   |                     `----- cannot access private path segment in path `foo::Foo`
   |                       |   
   |                       `--- private segment `Foo`
---'

