---
source: compiler/flux_hir/src/tests/enums.rs
expression: s
---
//  main.flx

enum Result<A, B, C> {
    A -> A,
    B,
    C -> C
}


Diagnostics

[E0021] Error: unused generic parameters
   ,-[ main.flx:3:10]
   |
 3 | enum Result<A, B, C> {
   |          ^^^^|^^^^  
   |              `------ unused generic parameters `B`
---'

