---
source: compiler/flux_hir/src/tests/generics.rs
expression: s
---
Module Id Map



Item Tree

File Id:  main.flx
Module Id: 0



Diagnostics

[E0010] Error: unresolved trait
   ,-[ main.flx:4:12]
   |
 4 |     type A is Bar + Bazz;
   |            ^|^  
   |             `--- unresolved trait `Bar`
---'
[E0010] Error: unresolved trait
   ,-[ main.flx:4:18]
   |
 4 |     type A is Bar + Bazz;
   |                  ^^|^  
   |                    `--- unresolved trait `Bazz`
---'

