---
source: compiler/flux_hir/src/tests/resolution.rs
expression: s
---
//  ./main.flx

use foo::some_function;
mod foo;
//  ./foo.flx

fn some_function() -> () {
    
}

Diagnostics

[E0013] Error: cannot access private path segment
   ,-[ ./main.flx:3:3]
   |
 3 | use foo::some_function;
   |   ^^^^^^^^^|^|^^^^^^  
   |            `---------- cannot access private path segment in path `foo::some_function`
   |              |        
   |              `-------- private segment `some_function`
---'

