---
source: compiler/flux_hir/src/tests/generics.rs
expression: s
---
//  main.flx

trait Foo {
    type A;
    
}


Diagnostics

[E0011] Error: unresolved trait
   ,-[ main.flx:4:12]
   |
 4 |     type A is Bar + Bazz;
   |            ^|^  
   |             `--- unresolved trait `Bar`
---'
[E0011] Error: unresolved trait
   ,-[ main.flx:4:18]
   |
 4 |     type A is Bar + Bazz;
   |                  ^^|^  
   |                    `--- unresolved trait `Bazz`
---'

