---
source: compiler/flux_hir/src/tests/generics.rs
expression: s
---
//  main.rs

trait Foo  {
    
    
}

trait Bar<T>  {
    
    
}

struct Bazz<T>  {
T t}

apply<T> Foo to Bazz<T: Bar> where T is Bar {
    
    
}


Diagnostics

[E0021] Error: incorrect number of generic arguments in where predicate
    ,-[ main.rs:10:7]
    |
  4 | trait Bar<T> {}
    |       ^|^  
    |        `--- expected 1 arguments
    | 
 10 |     where T is Bar
    |       ^|^  
    |        `--- got 0 arguments
----'

