---
source: compiler/flux_hir/src/tests/enums.rs
expression: s
---
//  main.flx

enum Foo {
    A -> s32
}

fn main() -> () {
    let x Foo = Foo::A(0);
}

Diagnostics

[E0041] Error: type mismatch
   ,-[ main.flx:8:13]
   |
 4 |     A -> s32,
   |       ^|^  
   |        `--- `s32`
   | 
 8 |     let x = Foo::A(0.0);
   |             ^|^  
   |              `--- type mismatch between `s32` and `float`
   |              |   
   |              `--- `float`
---'

