---
source: compiler/flux_hir/src/tests/generics.rs
expression: s
---
//  main.flx

trait Foo {
    
    pub fn foo() -> ();
    pub fn bar() -> ();
    pub fn bazz() -> ();
}

struct Bar {
}

apply Foo to Bar {
    
    
}


Diagnostics

[E0016] Error: unimplemented trait methods in apply
    ,-[ main.flx:11:8]
    |
  4 |     fn foo();
    |     ^|^  
    |      `--- method `foo` defined here
  5 |     fn bar();
    |    ^|^  
    |     `--- method `bar` defined here
  6 |     fn bazz();
    |   ^^|^  
    |     `--- method `bazz` defined here
    | 
 11 | apply Foo to Bar {
    |        ^|  
    |         `-- unimeplemented trait methods `bar`, `bazz`, `foo` in apply
----'

