---
source: compiler/flux_hir/src/tests/enums.rs
expression: s
---
Module Id Map



Item Tree

File Id:  main.flx
Module Id: 0



Diagnostics

[E0021] Error: unused generic parameters
   ,-[ main.flx:3:10]
   |
 3 | enum Result<A, B, C> {
   |          ^^^^|^^^^  
   |              `------ unused generic parameters `B`
---'

